// Jest Snapshot v1, https://goo.gl/fbAQLP

exports[`ALCReserveCard Snapshot test 1`] = `
LoadedCheerio {
  "0": Node {
    "attribs": {},
    "children": [
      Node {
        "attribs": {
          "style": "padding-bottom:5px",
        },
        "children": [
          Node {
            "attribs": {
              "class": "ui fluid card",
            },
            "children": [
              Node {
                "attribs": {
                  "class": "content",
                },
                "children": [
                  Node {
                    "attribs": {
                      "class": "header",
                    },
                    "children": [
                      Node {
                        "data": "action",
                        "next": null,
                        "parent": [Circular],
                        "prev": null,
                        "type": "text",
                      },
                    ],
                    "name": "div",
                    "namespace": "http://www.w3.org/1999/xhtml",
                    "next": Node {
                      "attribs": {
                        "class": "description",
                      },
                      "children": [
                        Node {
                          "data": "action",
                          "next": null,
                          "parent": [Circular],
                          "prev": null,
                          "type": "text",
                        },
                      ],
                      "name": "div",
                      "namespace": "http://www.w3.org/1999/xhtml",
                      "next": Node {
                        "attribs": {
                          "class": "ui circular icon button",
                          "style": "position:absolute;right:2px;top:5px;font-size:0.8em",
                        },
                        "children": [
                          Node {
                            "attribs": {
                              "aria-hidden": "true",
                              "class": "add icon",
                            },
                            "children": [],
                            "name": "i",
                            "namespace": "http://www.w3.org/1999/xhtml",
                            "next": null,
                            "parent": [Circular],
                            "prev": null,
                            "type": "tag",
                            "x-attribsNamespace": {
                              "aria-hidden": undefined,
                              "class": undefined,
                            },
                            "x-attribsPrefix": {
                              "aria-hidden": undefined,
                              "class": undefined,
                            },
                          },
                        ],
                        "name": "button",
                        "namespace": "http://www.w3.org/1999/xhtml",
                        "next": Node {
                          "attribs": {
                            "style": "text-align:right",
                          },
                          "children": [
                            Node {
                              "attribs": {
                                "class": "meta",
                              },
                              "children": [
                                Node {
                                  "data": "attributes.display_types",
                                  "next": Node {
                                    "attribs": {
                                      "aria-hidden": "true",
                                      "class": "triangle right icon",
                                    },
                                    "children": [],
                                    "name": "i",
                                    "namespace": "http://www.w3.org/1999/xhtml",
                                    "next": null,
                                    "parent": [Circular],
                                    "prev": [Circular],
                                    "type": "tag",
                                    "x-attribsNamespace": {
                                      "aria-hidden": undefined,
                                      "class": undefined,
                                    },
                                    "x-attribsPrefix": {
                                      "aria-hidden": undefined,
                                      "class": undefined,
                                    },
                                  },
                                  "parent": [Circular],
                                  "prev": null,
                                  "type": "text",
                                },
                                Node {
                                  "attribs": {
                                    "aria-hidden": "true",
                                    "class": "triangle right icon",
                                  },
                                  "children": [],
                                  "name": "i",
                                  "namespace": "http://www.w3.org/1999/xhtml",
                                  "next": null,
                                  "parent": [Circular],
                                  "prev": Node {
                                    "data": "attributes.display_types",
                                    "next": [Circular],
                                    "parent": [Circular],
                                    "prev": null,
                                    "type": "text",
                                  },
                                  "type": "tag",
                                  "x-attribsNamespace": {
                                    "aria-hidden": undefined,
                                    "class": undefined,
                                  },
                                  "x-attribsPrefix": {
                                    "aria-hidden": undefined,
                                    "class": undefined,
                                  },
                                },
                              ],
                              "name": "div",
                              "namespace": "http://www.w3.org/1999/xhtml",
                              "next": null,
                              "parent": [Circular],
                              "prev": null,
                              "type": "tag",
                              "x-attribsNamespace": {
                                "class": undefined,
                              },
                              "x-attribsPrefix": {
                                "class": undefined,
                              },
                            },
                          ],
                          "name": "div",
                          "namespace": "http://www.w3.org/1999/xhtml",
                          "next": null,
                          "parent": [Circular],
                          "prev": [Circular],
                          "type": "tag",
                          "x-attribsNamespace": {
                            "style": undefined,
                          },
                          "x-attribsPrefix": {
                            "style": undefined,
                          },
                        },
                        "parent": [Circular],
                        "prev": [Circular],
                        "type": "tag",
                        "x-attribsNamespace": {
                          "class": undefined,
                          "style": undefined,
                        },
                        "x-attribsPrefix": {
                          "class": undefined,
                          "style": undefined,
                        },
                      },
                      "parent": [Circular],
                      "prev": [Circular],
                      "type": "tag",
                      "x-attribsNamespace": {
                        "class": undefined,
                      },
                      "x-attribsPrefix": {
                        "class": undefined,
                      },
                    },
                    "parent": [Circular],
                    "prev": null,
                    "type": "tag",
                    "x-attribsNamespace": {
                      "class": undefined,
                    },
                    "x-attribsPrefix": {
                      "class": undefined,
                    },
                  },
                  Node {
                    "attribs": {
                      "class": "description",
                    },
                    "children": [
                      Node {
                        "data": "action",
                        "next": null,
                        "parent": [Circular],
                        "prev": null,
                        "type": "text",
                      },
                    ],
                    "name": "div",
                    "namespace": "http://www.w3.org/1999/xhtml",
                    "next": Node {
                      "attribs": {
                        "class": "ui circular icon button",
                        "style": "position:absolute;right:2px;top:5px;font-size:0.8em",
                      },
                      "children": [
                        Node {
                          "attribs": {
                            "aria-hidden": "true",
                            "class": "add icon",
                          },
                          "children": [],
                          "name": "i",
                          "namespace": "http://www.w3.org/1999/xhtml",
                          "next": null,
                          "parent": [Circular],
                          "prev": null,
                          "type": "tag",
                          "x-attribsNamespace": {
                            "aria-hidden": undefined,
                            "class": undefined,
                          },
                          "x-attribsPrefix": {
                            "aria-hidden": undefined,
                            "class": undefined,
                          },
                        },
                      ],
                      "name": "button",
                      "namespace": "http://www.w3.org/1999/xhtml",
                      "next": Node {
                        "attribs": {
                          "style": "text-align:right",
                        },
                        "children": [
                          Node {
                            "attribs": {
                              "class": "meta",
                            },
                            "children": [
                              Node {
                                "data": "attributes.display_types",
                                "next": Node {
                                  "attribs": {
                                    "aria-hidden": "true",
                                    "class": "triangle right icon",
                                  },
                                  "children": [],
                                  "name": "i",
                                  "namespace": "http://www.w3.org/1999/xhtml",
                                  "next": null,
                                  "parent": [Circular],
                                  "prev": [Circular],
                                  "type": "tag",
                                  "x-attribsNamespace": {
                                    "aria-hidden": undefined,
                                    "class": undefined,
                                  },
                                  "x-attribsPrefix": {
                                    "aria-hidden": undefined,
                                    "class": undefined,
                                  },
                                },
                                "parent": [Circular],
                                "prev": null,
                                "type": "text",
                              },
                              Node {
                                "attribs": {
                                  "aria-hidden": "true",
                                  "class": "triangle right icon",
                                },
                                "children": [],
                                "name": "i",
                                "namespace": "http://www.w3.org/1999/xhtml",
                                "next": null,
                                "parent": [Circular],
                                "prev": Node {
                                  "data": "attributes.display_types",
                                  "next": [Circular],
                                  "parent": [Circular],
                                  "prev": null,
                                  "type": "text",
                                },
                                "type": "tag",
                                "x-attribsNamespace": {
                                  "aria-hidden": undefined,
                                  "class": undefined,
                                },
                                "x-attribsPrefix": {
                                  "aria-hidden": undefined,
                                  "class": undefined,
                                },
                              },
                            ],
                            "name": "div",
                            "namespace": "http://www.w3.org/1999/xhtml",
                            "next": null,
                            "parent": [Circular],
                            "prev": null,
                            "type": "tag",
                            "x-attribsNamespace": {
                              "class": undefined,
                            },
                            "x-attribsPrefix": {
                              "class": undefined,
                            },
                          },
                        ],
                        "name": "div",
                        "namespace": "http://www.w3.org/1999/xhtml",
                        "next": null,
                        "parent": [Circular],
                        "prev": [Circular],
                        "type": "tag",
                        "x-attribsNamespace": {
                          "style": undefined,
                        },
                        "x-attribsPrefix": {
                          "style": undefined,
                        },
                      },
                      "parent": [Circular],
                      "prev": [Circular],
                      "type": "tag",
                      "x-attribsNamespace": {
                        "class": undefined,
                        "style": undefined,
                      },
                      "x-attribsPrefix": {
                        "class": undefined,
                        "style": undefined,
                      },
                    },
                    "parent": [Circular],
                    "prev": Node {
                      "attribs": {
                        "class": "header",
                      },
                      "children": [
                        Node {
                          "data": "action",
                          "next": null,
                          "parent": [Circular],
                          "prev": null,
                          "type": "text",
                        },
                      ],
                      "name": "div",
                      "namespace": "http://www.w3.org/1999/xhtml",
                      "next": [Circular],
                      "parent": [Circular],
                      "prev": null,
                      "type": "tag",
                      "x-attribsNamespace": {
                        "class": undefined,
                      },
                      "x-attribsPrefix": {
                        "class": undefined,
                      },
                    },
                    "type": "tag",
                    "x-attribsNamespace": {
                      "class": undefined,
                    },
                    "x-attribsPrefix": {
                      "class": undefined,
                    },
                  },
                  Node {
                    "attribs": {
                      "class": "ui circular icon button",
                      "style": "position:absolute;right:2px;top:5px;font-size:0.8em",
                    },
                    "children": [
                      Node {
                        "attribs": {
                          "aria-hidden": "true",
                          "class": "add icon",
                        },
                        "children": [],
                        "name": "i",
                        "namespace": "http://www.w3.org/1999/xhtml",
                        "next": null,
                        "parent": [Circular],
                        "prev": null,
                        "type": "tag",
                        "x-attribsNamespace": {
                          "aria-hidden": undefined,
                          "class": undefined,
                        },
                        "x-attribsPrefix": {
                          "aria-hidden": undefined,
                          "class": undefined,
                        },
                      },
                    ],
                    "name": "button",
                    "namespace": "http://www.w3.org/1999/xhtml",
                    "next": Node {
                      "attribs": {
                        "style": "text-align:right",
                      },
                      "children": [
                        Node {
                          "attribs": {
                            "class": "meta",
                          },
                          "children": [
                            Node {
                              "data": "attributes.display_types",
                              "next": Node {
                                "attribs": {
                                  "aria-hidden": "true",
                                  "class": "triangle right icon",
                                },
                                "children": [],
                                "name": "i",
                                "namespace": "http://www.w3.org/1999/xhtml",
                                "next": null,
                                "parent": [Circular],
                                "prev": [Circular],
                                "type": "tag",
                                "x-attribsNamespace": {
                                  "aria-hidden": undefined,
                                  "class": undefined,
                                },
                                "x-attribsPrefix": {
                                  "aria-hidden": undefined,
                                  "class": undefined,
                                },
                              },
                              "parent": [Circular],
                              "prev": null,
                              "type": "text",
                            },
                            Node {
                              "attribs": {
                                "aria-hidden": "true",
                                "class": "triangle right icon",
                              },
                              "children": [],
                              "name": "i",
                              "namespace": "http://www.w3.org/1999/xhtml",
                              "next": null,
                              "parent": [Circular],
                              "prev": Node {
                                "data": "attributes.display_types",
                                "next": [Circular],
                                "parent": [Circular],
                                "prev": null,
                                "type": "text",
                              },
                              "type": "tag",
                              "x-attribsNamespace": {
                                "aria-hidden": undefined,
                                "class": undefined,
                              },
                              "x-attribsPrefix": {
                                "aria-hidden": undefined,
                                "class": undefined,
                              },
                            },
                          ],
                          "name": "div",
                          "namespace": "http://www.w3.org/1999/xhtml",
                          "next": null,
                          "parent": [Circular],
                          "prev": null,
                          "type": "tag",
                          "x-attribsNamespace": {
                            "class": undefined,
                          },
                          "x-attribsPrefix": {
                            "class": undefined,
                          },
                        },
                      ],
                      "name": "div",
                      "namespace": "http://www.w3.org/1999/xhtml",
                      "next": null,
                      "parent": [Circular],
                      "prev": [Circular],
                      "type": "tag",
                      "x-attribsNamespace": {
                        "style": undefined,
                      },
                      "x-attribsPrefix": {
                        "style": undefined,
                      },
                    },
                    "parent": [Circular],
                    "prev": Node {
                      "attribs": {
                        "class": "description",
                      },
                      "children": [
                        Node {
                          "data": "action",
                          "next": null,
                          "parent": [Circular],
                          "prev": null,
                          "type": "text",
                        },
                      ],
                      "name": "div",
                      "namespace": "http://www.w3.org/1999/xhtml",
                      "next": [Circular],
                      "parent": [Circular],
                      "prev": Node {
                        "attribs": {
                          "class": "header",
                        },
                        "children": [
                          Node {
                            "data": "action",
                            "next": null,
                            "parent": [Circular],
                            "prev": null,
                            "type": "text",
                          },
                        ],
                        "name": "div",
                        "namespace": "http://www.w3.org/1999/xhtml",
                        "next": [Circular],
                        "parent": [Circular],
                        "prev": null,
                        "type": "tag",
                        "x-attribsNamespace": {
                          "class": undefined,
                        },
                        "x-attribsPrefix": {
                          "class": undefined,
                        },
                      },
                      "type": "tag",
                      "x-attribsNamespace": {
                        "class": undefined,
                      },
                      "x-attribsPrefix": {
                        "class": undefined,
                      },
                    },
                    "type": "tag",
                    "x-attribsNamespace": {
                      "class": undefined,
                      "style": undefined,
                    },
                    "x-attribsPrefix": {
                      "class": undefined,
                      "style": undefined,
                    },
                  },
                  Node {
                    "attribs": {
                      "style": "text-align:right",
                    },
                    "children": [
                      Node {
                        "attribs": {
                          "class": "meta",
                        },
                        "children": [
                          Node {
                            "data": "attributes.display_types",
                            "next": Node {
                              "attribs": {
                                "aria-hidden": "true",
                                "class": "triangle right icon",
                              },
                              "children": [],
                              "name": "i",
                              "namespace": "http://www.w3.org/1999/xhtml",
                              "next": null,
                              "parent": [Circular],
                              "prev": [Circular],
                              "type": "tag",
                              "x-attribsNamespace": {
                                "aria-hidden": undefined,
                                "class": undefined,
                              },
                              "x-attribsPrefix": {
                                "aria-hidden": undefined,
                                "class": undefined,
                              },
                            },
                            "parent": [Circular],
                            "prev": null,
                            "type": "text",
                          },
                          Node {
                            "attribs": {
                              "aria-hidden": "true",
                              "class": "triangle right icon",
                            },
                            "children": [],
                            "name": "i",
                            "namespace": "http://www.w3.org/1999/xhtml",
                            "next": null,
                            "parent": [Circular],
                            "prev": Node {
                              "data": "attributes.display_types",
                              "next": [Circular],
                              "parent": [Circular],
                              "prev": null,
                              "type": "text",
                            },
                            "type": "tag",
                            "x-attribsNamespace": {
                              "aria-hidden": undefined,
                              "class": undefined,
                            },
                            "x-attribsPrefix": {
                              "aria-hidden": undefined,
                              "class": undefined,
                            },
                          },
                        ],
                        "name": "div",
                        "namespace": "http://www.w3.org/1999/xhtml",
                        "next": null,
                        "parent": [Circular],
                        "prev": null,
                        "type": "tag",
                        "x-attribsNamespace": {
                          "class": undefined,
                        },
                        "x-attribsPrefix": {
                          "class": undefined,
                        },
                      },
                    ],
                    "name": "div",
                    "namespace": "http://www.w3.org/1999/xhtml",
                    "next": null,
                    "parent": [Circular],
                    "prev": Node {
                      "attribs": {
                        "class": "ui circular icon button",
                        "style": "position:absolute;right:2px;top:5px;font-size:0.8em",
                      },
                      "children": [
                        Node {
                          "attribs": {
                            "aria-hidden": "true",
                            "class": "add icon",
                          },
                          "children": [],
                          "name": "i",
                          "namespace": "http://www.w3.org/1999/xhtml",
                          "next": null,
                          "parent": [Circular],
                          "prev": null,
                          "type": "tag",
                          "x-attribsNamespace": {
                            "aria-hidden": undefined,
                            "class": undefined,
                          },
                          "x-attribsPrefix": {
                            "aria-hidden": undefined,
                            "class": undefined,
                          },
                        },
                      ],
                      "name": "button",
                      "namespace": "http://www.w3.org/1999/xhtml",
                      "next": [Circular],
                      "parent": [Circular],
                      "prev": Node {
                        "attribs": {
                          "class": "description",
                        },
                        "children": [
                          Node {
                            "data": "action",
                            "next": null,
                            "parent": [Circular],
                            "prev": null,
                            "type": "text",
                          },
                        ],
                        "name": "div",
                        "namespace": "http://www.w3.org/1999/xhtml",
                        "next": [Circular],
                        "parent": [Circular],
                        "prev": Node {
                          "attribs": {
                            "class": "header",
                          },
                          "children": [
                            Node {
                              "data": "action",
                              "next": null,
                              "parent": [Circular],
                              "prev": null,
                              "type": "text",
                            },
                          ],
                          "name": "div",
                          "namespace": "http://www.w3.org/1999/xhtml",
                          "next": [Circular],
                          "parent": [Circular],
                          "prev": null,
                          "type": "tag",
                          "x-attribsNamespace": {
                            "class": undefined,
                          },
                          "x-attribsPrefix": {
                            "class": undefined,
                          },
                        },
                        "type": "tag",
                        "x-attribsNamespace": {
                          "class": undefined,
                        },
                        "x-attribsPrefix": {
                          "class": undefined,
                        },
                      },
                      "type": "tag",
                      "x-attribsNamespace": {
                        "class": undefined,
                        "style": undefined,
                      },
                      "x-attribsPrefix": {
                        "class": undefined,
                        "style": undefined,
                      },
                    },
                    "type": "tag",
                    "x-attribsNamespace": {
                      "style": undefined,
                    },
                    "x-attribsPrefix": {
                      "style": undefined,
                    },
                  },
                ],
                "name": "div",
                "namespace": "http://www.w3.org/1999/xhtml",
                "next": null,
                "parent": [Circular],
                "prev": null,
                "type": "tag",
                "x-attribsNamespace": {
                  "class": undefined,
                },
                "x-attribsPrefix": {
                  "class": undefined,
                },
              },
            ],
            "name": "div",
            "namespace": "http://www.w3.org/1999/xhtml",
            "next": null,
            "parent": [Circular],
            "prev": null,
            "type": "tag",
            "x-attribsNamespace": {
              "class": undefined,
            },
            "x-attribsPrefix": {
              "class": undefined,
            },
          },
        ],
        "name": "div",
        "namespace": "http://www.w3.org/1999/xhtml",
        "next": null,
        "parent": [Circular],
        "prev": null,
        "type": "tag",
        "x-attribsNamespace": {
          "style": undefined,
        },
        "x-attribsPrefix": {
          "style": undefined,
        },
      },
    ],
    "name": "div",
    "namespace": "http://www.w3.org/1999/xhtml",
    "next": null,
    "parent": Node {
      "children": [
        [Circular],
      ],
      "name": "root",
      "next": null,
      "parent": null,
      "prev": null,
      "type": "root",
    },
    "prev": null,
    "type": "tag",
    "x-attribsNamespace": {},
    "x-attribsPrefix": {},
  },
  "_root": LoadedCheerio {
    "0": Node {
      "children": [
        Node {
          "attribs": {},
          "children": [
            Node {
              "attribs": {},
              "children": [],
              "name": "head",
              "namespace": "http://www.w3.org/1999/xhtml",
              "next": Node {
                "attribs": {},
                "children": [],
                "name": "body",
                "namespace": "http://www.w3.org/1999/xhtml",
                "next": null,
                "parent": [Circular],
                "prev": [Circular],
                "type": "tag",
                "x-attribsNamespace": {},
                "x-attribsPrefix": {},
              },
              "parent": [Circular],
              "prev": null,
              "type": "tag",
              "x-attribsNamespace": {},
              "x-attribsPrefix": {},
            },
            Node {
              "attribs": {},
              "children": [],
              "name": "body",
              "namespace": "http://www.w3.org/1999/xhtml",
              "next": null,
              "parent": [Circular],
              "prev": Node {
                "attribs": {},
                "children": [],
                "name": "head",
                "namespace": "http://www.w3.org/1999/xhtml",
                "next": [Circular],
                "parent": [Circular],
                "prev": null,
                "type": "tag",
                "x-attribsNamespace": {},
                "x-attribsPrefix": {},
              },
              "type": "tag",
              "x-attribsNamespace": {},
              "x-attribsPrefix": {},
            },
          ],
          "name": "html",
          "namespace": "http://www.w3.org/1999/xhtml",
          "next": null,
          "parent": [Circular],
          "prev": null,
          "type": "tag",
          "x-attribsNamespace": {},
          "x-attribsPrefix": {},
        },
      ],
      "name": "root",
      "next": null,
      "parent": null,
      "prev": null,
      "type": "root",
      "x-mode": "quirks",
    },
    "_root": [Circular],
    "length": 1,
    "options": {
      "decodeEntities": true,
      "xml": false,
    },
  },
  "length": 1,
  "options": {
    "decodeEntities": true,
    "xml": false,
  },
}
`;
