// Jest Snapshot v1, https://goo.gl/fbAQLP

exports[`valueRepo deleteAllValuesByRecord Delete all values linked to record 1`] = `
"
                    FOR l IN @@value0
                        FILTER l._from == @value1 OR l._to == @value1
                        REMOVE {_key: l._key} IN @@value0
                "
`;

exports[`valueRepo deleteAllValuesByRecord Delete all values linked to record 2`] = `
{
  "@value0": "core_edge_values_links",
  "value1": "products/222763208",
}
`;
