// Jest Snapshot v1, https://goo.gl/fbAQLP

exports[`AttributesTab Snapshot test 1`] = `
<div>
  <button
    className="ui medium icon left labeled button"
    onClick={[Function]}
  >
    <i
      aria-hidden="true"
      className="plus icon"
      onClick={[Function]}
    />
    attributes.new
  </button>
  <button
    className="ui medium icon left labeled button"
    onClick={[Function]}
  >
    <i
      aria-hidden="true"
      className="plus icon"
      onClick={[Function]}
    />
    libraries.link_existing_attribute
  </button>
  <table
    className="ui selectable striped table"
  >
    <thead
      className=""
    >
      <tr
        className=""
      >
        <th
          className="four wide"
        >
          attributes.label
        </th>
        <th
          className="four wide"
        >
          attributes.ID
        </th>
        <th
          className="three wide"
        >
          attributes.type
        </th>
        <th
          className="three wide"
        >
          attributes.format
        </th>
        <th
          className="one wide"
        >
          attributes.multiple_values
        </th>
        <th
          className="one wide"
        >
          attributes.isSystem
        </th>
        <th
          className="one wide"
        />
      </tr>
    </thead>
    <tbody
      className=""
    />
  </table>
</div>
`;
