// Jest Snapshot v1, https://goo.gl/fbAQLP

exports[`FormRepo Create form 1`] = `"INSERT @value0 IN @@value1 RETURN NEW"`;

exports[`FormRepo Create form 2`] = `
Object {
  "@value1": "core_forms",
  "value0": Object {
    "_key": "my_lib__test_form",
    "dependencyAttributes": Array [],
    "elements": Array [
      Object {
        "elements": Array [
          Object {
            "containerId": "987654",
            "id": "123456",
            "order": 0,
            "settings": Object {
              "attribute": "test_attribute",
            },
            "type": "field",
            "uiElementType": "input_field",
          },
          Object {
            "containerId": "__root",
            "id": "987654",
            "order": 0,
            "settings": Object {},
            "type": "layout",
            "uiElementType": "fields_container",
          },
        ],
      },
    ],
    "id": "test_form",
    "label": Object {
      "fr": "Test Form",
    },
    "library": "my_lib",
    "system": false,
  },
}
`;

exports[`FormRepo Delete form 1`] = `"REMOVE @value0 IN @@value1 RETURN OLD"`;

exports[`FormRepo Delete form 2`] = `
Object {
  "@value1": "core_forms",
  "value0": Object {
    "_key": "my_lib__test_form",
    "dependencyAttributes": Array [],
    "elements": Array [
      Object {
        "elements": Array [
          Object {
            "containerId": "987654",
            "id": "123456",
            "order": 0,
            "settings": Object {
              "attribute": "test_attribute",
            },
            "type": "field",
            "uiElementType": "input_field",
          },
          Object {
            "containerId": "__root",
            "id": "987654",
            "order": 0,
            "settings": Object {},
            "type": "layout",
            "uiElementType": "fields_container",
          },
        ],
      },
    ],
    "id": "test_form",
    "label": Object {
      "fr": "Test Form",
    },
    "library": "my_lib",
    "system": false,
  },
}
`;

exports[`FormRepo Update form 1`] = `"UPDATE @value0 IN @@value1 RETURN NEW"`;

exports[`FormRepo Update form 2`] = `
Object {
  "@value1": "core_forms",
  "value0": Object {
    "_key": "my_lib__test_form",
    "dependencyAttributes": Array [],
    "elements": Array [
      Object {
        "elements": Array [
          Object {
            "containerId": "987654",
            "id": "123456",
            "order": 0,
            "settings": Object {
              "attribute": "test_attribute",
            },
            "type": "field",
            "uiElementType": "input_field",
          },
          Object {
            "containerId": "__root",
            "id": "987654",
            "order": 0,
            "settings": Object {},
            "type": "layout",
            "uiElementType": "fields_container",
          },
        ],
      },
    ],
    "id": "test_form",
    "label": Object {
      "fr": "Test Form",
    },
    "library": "my_lib",
    "system": false,
  },
}
`;
