// Jest Snapshot v1, https://goo.gl/fbAQLP

exports[`ALCOutputConnector Snapshot test 1`] = `
LoadedCheerio {
  "0": Node {
    "attribs": {
      "class": "sc-guDMob hufcgN",
      "connectionstate": "connected",
    },
    "children": [
      Node {
        "attribs": {
          "class": "sc-dmyDmy iGzLSv",
          "conncolor": "",
        },
        "children": [],
        "name": "div",
        "namespace": "http://www.w3.org/1999/xhtml",
        "next": Node {
          "attribs": {
            "class": "sc-beyTiQ brojHi",
            "style": "width:40px",
          },
          "children": [],
          "name": "div",
          "namespace": "http://www.w3.org/1999/xhtml",
          "next": null,
          "parent": [Circular],
          "prev": [Circular],
          "type": "tag",
          "x-attribsNamespace": {
            "class": undefined,
            "style": undefined,
          },
          "x-attribsPrefix": {
            "class": undefined,
            "style": undefined,
          },
        },
        "parent": [Circular],
        "prev": null,
        "type": "tag",
        "x-attribsNamespace": {
          "class": undefined,
          "conncolor": undefined,
        },
        "x-attribsPrefix": {
          "class": undefined,
          "conncolor": undefined,
        },
      },
      Node {
        "attribs": {
          "class": "sc-beyTiQ brojHi",
          "style": "width:40px",
        },
        "children": [],
        "name": "div",
        "namespace": "http://www.w3.org/1999/xhtml",
        "next": null,
        "parent": [Circular],
        "prev": Node {
          "attribs": {
            "class": "sc-dmyDmy iGzLSv",
            "conncolor": "",
          },
          "children": [],
          "name": "div",
          "namespace": "http://www.w3.org/1999/xhtml",
          "next": [Circular],
          "parent": [Circular],
          "prev": null,
          "type": "tag",
          "x-attribsNamespace": {
            "class": undefined,
            "conncolor": undefined,
          },
          "x-attribsPrefix": {
            "class": undefined,
            "conncolor": undefined,
          },
        },
        "type": "tag",
        "x-attribsNamespace": {
          "class": undefined,
          "style": undefined,
        },
        "x-attribsPrefix": {
          "class": undefined,
          "style": undefined,
        },
      },
    ],
    "name": "div",
    "namespace": "http://www.w3.org/1999/xhtml",
    "next": null,
    "parent": Node {
      "children": [
        [Circular],
      ],
      "name": "root",
      "next": null,
      "parent": null,
      "prev": null,
      "type": "root",
    },
    "prev": null,
    "type": "tag",
    "x-attribsNamespace": {
      "class": undefined,
      "connectionstate": undefined,
    },
    "x-attribsPrefix": {
      "class": undefined,
      "connectionstate": undefined,
    },
  },
  "_root": LoadedCheerio {
    "0": Node {
      "children": [
        Node {
          "attribs": {},
          "children": [
            Node {
              "attribs": {},
              "children": [],
              "name": "head",
              "namespace": "http://www.w3.org/1999/xhtml",
              "next": Node {
                "attribs": {},
                "children": [],
                "name": "body",
                "namespace": "http://www.w3.org/1999/xhtml",
                "next": null,
                "parent": [Circular],
                "prev": [Circular],
                "type": "tag",
                "x-attribsNamespace": {},
                "x-attribsPrefix": {},
              },
              "parent": [Circular],
              "prev": null,
              "type": "tag",
              "x-attribsNamespace": {},
              "x-attribsPrefix": {},
            },
            Node {
              "attribs": {},
              "children": [],
              "name": "body",
              "namespace": "http://www.w3.org/1999/xhtml",
              "next": null,
              "parent": [Circular],
              "prev": Node {
                "attribs": {},
                "children": [],
                "name": "head",
                "namespace": "http://www.w3.org/1999/xhtml",
                "next": [Circular],
                "parent": [Circular],
                "prev": null,
                "type": "tag",
                "x-attribsNamespace": {},
                "x-attribsPrefix": {},
              },
              "type": "tag",
              "x-attribsNamespace": {},
              "x-attribsPrefix": {},
            },
          ],
          "name": "html",
          "namespace": "http://www.w3.org/1999/xhtml",
          "next": null,
          "parent": [Circular],
          "prev": null,
          "type": "tag",
          "x-attribsNamespace": {},
          "x-attribsPrefix": {},
        },
      ],
      "name": "root",
      "next": null,
      "parent": null,
      "prev": null,
      "type": "root",
      "x-mode": "quirks",
    },
    "_root": [Circular],
    "length": 1,
    "options": {
      "decodeEntities": true,
      "xml": false,
    },
  },
  "length": 1,
  "options": {
    "decodeEntities": true,
    "xml": false,
  },
}
`;
